(1,ID,"this")
(1,ID,"is")
(1,SYM,"!")
(1,ERROR,"|")
