(1,KEY,"void")
(1,ID,"main")
(1,SYM,"(")
(1,KEY,"void")
(1,SYM,"{")
(3,KEY,"int")
(3,ID,"avar")
(3,SYM,",")
(3,ID,"anothervar")
(3,SYM,";")
(4,KEY,"const")
(4,KEY,"int")
(4,ID,"false")
(4,SYM,"=")
(4,NUM,"0")
(4,SYM,";")
(6,ID,"avar")
(6,SYM,"=")
(6,ID,"anothervar")
(6,SYM,"=")
(6,ID,"false")
(6,SYM,";")
(7,SYM,"}")
