(4,KEY,"int")
(4,ID,"x")
(4,SYM,"[")
(4,NUM,"10")
(4,SYM,"]")
(4,SYM,";")
(6,KEY,"int")
(6,ID,"minloc")
(6,SYM,"(")
(6,KEY,"int")
(6,ID,"a")
(6,SYM,"[")
(6,SYM,"]")
(6,SYM,",")
(6,KEY,"int")
(6,ID,"low")
(6,SYM,",")
(6,KEY,"int")
(6,ID,"high")
(6,SYM,")")
(6,SYM,"{")
(7,KEY,"int")
(7,ID,"i")
(7,SYM,";")
(7,KEY,"int")
(7,ID,"x")
(7,SYM,";")
(7,KEY,"int")
(7,ID,"k")
(7,SYM,";")
(8,ID,"k")
(8,SYM,"=")
(8,ID,"low")
(8,SYM,";")
(9,ID,"x")
(9,SYM,"=")
(9,ID,"a")
(9,SYM,"[")
(9,ID,"low")
(9,SYM,"]")
(9,SYM,";")
(10,ID,"i")
(10,SYM,"=")
(10,ID,"low")
(10,SYM,"+")
(10,NUM,"1")
(10,SYM,";")
(12,KEY,"while")
(12,SYM,"(")
(12,ID,"i")
(12,SYM,"<")
(12,ID,"high")
(12,SYM,")")
(12,SYM,"{")
(13,KEY,"if")
(13,SYM,"(")
(13,ID,"a")
(13,SYM,"[")
(13,ID,"i")
(13,SYM,"]")
(13,ERROR,"|")
