(1,KEY,"void")
(1,ID,"main")
(1,SYM,"(")
(1,KEY,"void")
(1,SYM,")")
(1,SYM,"{")
(2,KEY,"int")
(2,ID,"avar")
(2,SYM,";")
(3,KEY,"int")
(3,KEY,"const")
(3,ID,"false")
(3,SYM,"=")
(3,NUM,"0")
(3,SYM,";")
(4,ID,"avar")
(4,SYM,"=")
(4,ID,"false")
(4,SYM,";")
(5,SYM,"}")
