(2,ID,"a")
(2,SYM,"-")
(2,NUM,"10")
(2,ERROR,"?")
