(1,NUM,"9")
(1,ID,"a1")
(2,NUM,"21")
(2,ERROR,".")
